I'm sorry, but errors were detected in your script. Please correct the
errors listed below, and try again.


The label start is defined twice, at File "game/act1scene1.rpy", line 15:
label start:
and File "game/script.rpy", line 11:
label start:


Ren'Py Version: Ren'Py 8.0.3.22090809
Tue Dec 20 14:36:11 2022
